
### Running sudoku_4 (batch size=128, device=cuda) ###
Loaded SDD with 2408 nodes.
Layerized in 2862 nodes and 31 layers
  in 0.00157748s.
Benchmarking Torch
  to_torch           0.332
  sparsity           0.00988
  jit compile        2.45
  forward (cold)     0.453
  forward (warm)     0.00317 ± 4.78e-05
   +backward (cold)  0.326
   +backward (warm)  0.0145 ± 0.00298

### Running 4-grid (batch size=128, device=cuda) ###
Loaded SDD with 6610 nodes.
Layerized in 5813 nodes and 25 layers
  in 0.00486332s.
Benchmarking Torch
  to_torch           0.00598
  sparsity           0.00379
  jit compile        0.00373
  forward (cold)     0.00565
  forward (warm)     0.00328 ± 0.000986
   +backward (cold)  0.0147
   +backward (warm)  0.015 ± 0.0011

### Running seq_fun (batch size=128, device=cuda) ###
Loaded SDD with 9730 nodes.
Layerized in 20548 nodes and 85 layers
  in 0.0108875s.
Benchmarking Torch
  to_torch           0.0177
  sparsity           0.00329
  jit compile        0.00349
  forward (cold)     0.011
  forward (warm)     0.00802 ± 1.93e-05
   +backward (cold)  0.0466
   +backward (warm)  0.0545 ± 0.00668

### Running warcraft_12 (batch size=128, device=cuda) ###
Loaded SDD with 1110234 nodes.
Layerized in 975417 nodes and 85 layers
  in 1.25214s.
Benchmarking Torch
  to_torch           0.202
  sparsity           0.000132
  jit compile        0.00222
  forward (cold)     0.014
  forward (warm)     0.0122 ± 1.31e-05
   +backward (cold)  0.0764
   +backward (warm)  0.0643 ± 0.00293
