
### Running sudoku_4 (batch size=128, device=cpu) ###
Loaded SDD with 2408 nodes.
Layerized in 2862 nodes and 31 layers
  in 0.00126279s.
Benchmarking Torch
  to_torch           0.00123
  sparsity           0.00988
  jit compile        1.09
  forward (cold)     0.262
  forward (warm)     0.00422 ± 6.15e-05
   +backward (cold)  0.207
   +backward (warm)  0.00659 ± 8.21e-05

### Running 4-grid (batch size=128, device=cpu) ###
Loaded SDD with 6610 nodes.
Layerized in 5813 nodes and 25 layers
  in 0.00306158s.
Benchmarking Torch
  to_torch           0.00136
  sparsity           0.00379
  jit compile        0.00129
  forward (cold)     0.0059
  forward (warm)     0.00579 ± 0.000173
   +backward (cold)  0.00983
   +backward (warm)  0.00961 ± 7.94e-05

### Running seq_fun (batch size=128, device=cpu) ###
Loaded SDD with 9730 nodes.
Layerized in 20548 nodes and 85 layers
  in 0.00687033s.
Benchmarking Torch
  to_torch           0.00415
  sparsity           0.00329
  jit compile        0.00128
  forward (cold)     0.0154
  forward (warm)     0.0146 ± 8.41e-05
   +backward (cold)  0.0235
   +backward (warm)  0.0234 ± 0.000131

### Running warcraft_12 (batch size=128, device=cpu) ###
Loaded SDD with 1110234 nodes.
Layerized in 975417 nodes and 85 layers
  in 1.34571s.
Benchmarking Torch
  to_torch           0.0655
  sparsity           0.000132
  jit compile        0.00138
  forward (cold)     0.823
  forward (warm)     0.86 ± 0.12
   +backward (cold)  1.5
   +backward (warm)  1.49 ± 0.0523
